[i.imgur.com/Uuxvi9i.jpg]
[backblue.gif]
[fade.gif]
[index.html]
[www.wplus.world/assets/media/favicon.png]
[www.wplus.world/assets/media/home/home.png]
[www.wplus.world/assets/media/home/wplus.webp]
[www.wplus.world/assets/media/others/bubble-23.png]
[www.wplus.world/assets/media/home/fomi.webp]
[www.wplus.world/assets/media/others/bubble-16.png]
[www.wplus.world/assets/media/others/bubble-13.png]
[www.wplus.world/assets/media/others/bubble-14.png]
[www.wplus.world/assets/media/others/bubble-15.png]
[www.wplus.world/assets/js/vendor/jquery-3.6.0.min.js]
[www.wplus.world/assets/js/vendor/bootstrap.min.js]
[www.wplus.world/assets/js/vendor/isotope.pkgd.min.js]
[www.wplus.world/assets/js/vendor/imagesloaded.pkgd.min.js]
[www.wplus.world/assets/js/vendor/waypoints.min.js]
[www.wplus.world/assets/js/vendor/counterup.js]
[www.wplus.world/assets/js/vendor/slick.min.js]
[www.wplus.world/assets/js/vendor/sal.js]
[www.wplus.world/assets/js/vendor/jquery.magnific-popup.min.js]
[www.wplus.world/assets/js/vendor/js.cookie.js]
[www.wplus.world/assets/js/vendor/tilt.js]
[www.wplus.world/assets/js/vendor/jquery.nav.js]
[www.wplus.world/assets/js/app.js]
[www.wplus.world/index.html]
[www.wplus.world/assets/css/vendor/bootstrap.min.css]
[www.wplus.world/assets/css/fonts/fa-brands-400.eot]
[www.wplus.world/assets/css/fonts/fa-brands-400d41d.eot]
[www.wplus.world/assets/css/fonts/fa-brands-400.woff2]
[www.wplus.world/assets/css/fonts/fa-brands-400.woff]
[www.wplus.world/assets/css/fonts/fa-brands-400.ttf]
[www.wplus.world/assets/css/fonts/fa-duotone-900.eot]
[www.wplus.world/assets/css/fonts/fa-duotone-900d41d.eot]
[www.wplus.world/assets/css/fonts/fa-duotone-900.woff2]
[www.wplus.world/assets/css/fonts/fa-duotone-900.woff]
[www.wplus.world/assets/css/fonts/fa-duotone-900.ttf]
[www.wplus.world/assets/css/fonts/fa-light-300.eot]
[www.wplus.world/assets/css/fonts/fa-light-300d41d.eot]
[www.wplus.world/assets/css/fonts/fa-light-300.woff2]
[www.wplus.world/assets/css/fonts/fa-light-300.woff]
[www.wplus.world/assets/css/fonts/fa-light-300.ttf]
[www.wplus.world/assets/css/fonts/fa-regular-400.eot]
[www.wplus.world/assets/css/fonts/fa-regular-400d41d.eot]
[www.wplus.world/assets/css/fonts/fa-regular-400.woff2]
[www.wplus.world/assets/css/fonts/fa-regular-400.woff]
[www.wplus.world/assets/css/fonts/fa-regular-400.ttf]
[www.wplus.world/assets/css/fonts/fa-solid-900.eot]
[www.wplus.world/assets/css/fonts/fa-solid-900d41d.eot]
[www.wplus.world/assets/css/fonts/fa-solid-900.woff2]
[www.wplus.world/assets/css/fonts/fa-solid-900.woff]
[www.wplus.world/assets/css/fonts/fa-solid-900.ttf]
[www.wplus.world/assets/css/vendor/font-awesome.css]
[www.wplus.world/assets/css/vendor/slick.css]
[www.wplus.world/assets/css/fonts/ajax-loader.gif]
[www.wplus.world/assets/css/fonts/slick.eot]
[www.wplus.world/assets/css/fonts/slickd41d.eot]
[www.wplus.world/assets/css/fonts/slick.woff]
[www.wplus.world/assets/css/fonts/slick.ttf]
[www.wplus.world/assets/css/vendor/slick-theme.css]
[www.wplus.world/assets/css/vendor/sal.css]
[www.wplus.world/assets/css/vendor/magnific-popup.css]
[www.wplus.world/assets/css/app.css]
[www.wplus.world/assets/media/about/about.jpg]
[www.wplus.world/assets/css/custom.css]
[www.wplus.world/index-2.html]
[www.wplus.world/assets/media/logo-2.svg]
[www.wplus.world/assets/media/others/line-4.png]
[www.wplus.world/assets/media/about/grant.jpg]
[www.wplus.world/assets/media/about/tree.jpg]
[www.wplus.world/assets/media/about/sight.jpg]
[www.wplus.world/about.html]
[www.wplus.world/assets/media/app1.png]
[www.wplus.world/assets/media/app2.png]
[www.wplus.world/assets/media/products/worldplus.webp]
[www.wplus.world/assets/media/products/fomi.webp]
[www.wplus.world/assets/media/products/mundoplus.webp]
[www.wplus.world/assets/media/products/whytelabel.webp]
[www.wplus.world/assets/media/products/conversyon.webp]
[www.wplus.world/assets/media/products/mplus.webp]
[www.wplus.world/assets/media/products/mmusic.webp]
[www.wplus.world/assets/media/products/woovoo.webp]
[www.wplus.world/products.html]
[www.wplus.world/assets/media/news/16.jpg]
[www.wplus.world/assets/media/news/17.jpg]
[www.wplus.world/assets/media/news/15.jpg]
[www.wplus.world/assets/media/news/01.jpg]
[www.wplus.world/news.html]
[www.wplus.world/indexEN.html]
[www.wplus.world/assets/media/logo/worldplus.svg]
[www.wplus.world/assets/media/logo/mundoplus.svg]
[www.wplus.world/assets/media/logo/conversyon.svg]
[www.wplus.world/assets/media/logo/whytelabel.svg]
[www.wplus.world/assets/media/logo/fomi.svg]
[www.wplus.world/assets/media/logo/mplus.svg]
[www.wplus.world/assets/media/logo/mmusic.svg]
[www.wplus.world/assets/media/logo/woovoo.svg]
[www.wplus.world/assets/css/fonts/fa-brands-400.svg]
[www.wplus.world/assets/css/fonts/fa-duotone-900.svg]
[www.wplus.world/assets/css/fonts/fa-light-300.svg]
[www.wplus.world/assets/css/fonts/fa-regular-400.svg]
[www.wplus.world/assets/css/fonts/fa-solid-900.svg]
[www.wplus.world/assets/css/fonts/slick.svg]
[www.wplus.world/aboutEN.html]
[www.wplus.world/assets/media/about/5-1.svg]
[www.wplus.world/assets/media/about/5-2.svg]
[www.wplus.world/assets/media/about/5-3.svg]
[www.wplus.world/assets/media/about/5-4.svg]
[www.wplus.world/assets/media/about/5-5.svg]
[www.wplus.world/assets/media/about/01.svg]
[www.wplus.world/assets/media/about/02.svg]
[www.wplus.world/assets/media/about/03.svg]
[www.wplus.world/assets/media/about/04.svg]
[www.wplus.world/assets/media/others/bubble-9.png]
[www.wplus.world/assets/media/others/bubble-11.png]
[www.wplus.world/blog-1.html]
[www.wplus.world/assets/media/blog/tree/01.jpg]
[www.wplus.world/assets/media/blog/tree/02.jpg]
[www.wplus.world/assets/media/blog/tree/03.jpg]
[www.wplus.world/assets/media/blog/tree/04.jpg]
[www.wplus.world/assets/media/blog/tree/05.jpg]
[www.wplus.world/blog-2.html]
[www.wplus.world/assets/media/blog/sightday/01.jpg]
[www.wplus.world/assets/media/blog/sightday/02.jpg]
[www.wplus.world/assets/media/blog/sightday/03.jpg]
[www.wplus.world/assets/media/blog/sightday/04.jpg]
[www.wplus.world/assets/media/blog/sightday/05.jpg]
[www.wplus.world/assets/media/blog/sightday/06.jpg]
[www.wplus.world/blog-3.html]
[www.wplus.world/productsEN.html]
[www.wplus.world/assets/media/products/mundoplus.svg]
[www.wplus.world/assets/media/products/whytlabel.svg]
[www.wplus.world/assets/media/products/conversyon.svg]
[www.wplus.world/newsEN.html]
[www.wplus.world/assets/media/news/03.jpg]
[www.wplus.world/assets/media/news/04.jpg]
[www.wplus.world/assets/media/news/14.jpg]
[www.wplus.world/news-2.html]
[www.wplus.world/assets/media/news/06.jpg]
[www.wplus.world/assets/media/news/07.jpg]
[www.wplus.world/assets/media/news/08.jpg]
[www.wplus.world/assets/media/news/09.jpg]
[www.wplus.world/news-3.html]
[www.wplus.world/assets/media/news/10.jpg]
[www.wplus.world/assets/media/news/11.jpg]
[www.wplus.world/assets/media/news/12.jpg]
[www.wplus.world/assets/media/news/13.jpg]
[www.wplus.world/news-4.html]
[www.wplus.world/blog-4.html]
[www.wplus.world/blog-5.html]
[www.wplus.world/blog-6.html]
[www.wplus.world/news-2En.html]
[www.wplus.world/news-3En.html]
[www.wplus.world/news-4En.html]
[www.wplus.world/news-2EN-2.html]
[www.wplus.world/news-3EN-2.html]
[www.wplus.world/news-4EN-2.html]
[www.wplus.world/newsEn-2.html]
